version: '3'
services:
  gebug-my-app:
    build:
      context: ..
      dockerfile: .gebug/Dockerfile
    cap_add:
      - SYS_PTRACE
    volumes:
      - ../:/src:ro
    ports:
      - 8080:8080
      - 8081:8081
      - 40000:40000
