FROM golang:1.18
RUN go install github.com/githubnemo/CompileDaemon@latest
RUN go install github.com/go-delve/delve/cmd/dlv@latest
WORKDIR /src
COPY . .

ENTRYPOINT CompileDaemon -log-prefix=false -build="go build -o /app" -command="/app"