FROM golang:1.18
RUN go install github.com/githubnemo/CompileDaemon@latest
RUN go install github.com/go-delve/delve/cmd/dlv@latest
RUN echo "hello" && echo "world"
RUN ls
WORKDIR /src
COPY . .

ENTRYPOINT CompileDaemon -log-prefix=false -build="go build -o /app" -build-dir="/src" -command="/app"